params:
- show-batch
- --help
output:
  exit_code: 0
  stdout: |
    Usage: base-callback show-batch [OPTIONS]

    Options:
      --output-path PATH              A location to save the HTML which summarizes
                                      the batch.
      --deeprock PATH                 The path to the DeepRockSR-2D dataset.
      --downsample-scale [X2|X4]      Should it use the 2x or 4x downsampled images.
                                      [default: X4]
      --downsample-method [default|unknown]
                                      Should it use the default method to downsample
                                      (bicubic) or a random kernel (UNKNOWN).
                                      [default: unknown]
      --batch-size INTEGER            The batch size.  [default: 10]
      --force / --no-force            Whether or not to force the conversion of the
                                      bicubic upscaling.  [default: no-force]
      --max-samples INTEGER           If set, then the number of input samples for
                                      training/validation is truncated at this
                                      number.
      --random-crop INTEGER           If set, then randomly crop the images to this
                                      resolution during training.
      --include-sand / --no-include-sand
                                      Including DeepSand-SR dataset.  [default: no-
                                      include-sand]
      --help                          Show this message and exit.
