params: {}
output: <function smooth_l1_loss at <HEX>>
