params: {}
output: https://github.com/rbturnbull/supercat/releases/download/v0.2.1/supercat-diffusion-2D.0.2.pkl
