params: {}
output: '[<function mse at <HEX>>, <function psnr at <HEX>>]'
